Bind to socket to 3400
Listening for incoming connections...
Waiting for connection 1
Connection 1: Connected
Waiting for connection 2
Connection 2: Connected
